// Jest Snapshot v1, https://goo.gl/fbAQLP

exports[`GifGrid Show successful 1`] = `
<Fragment>
  <h5>
    One
  </h5>
  <p
    className="animate__animated animate__flash"
  >
    Cargando...
  </p>
  <div
    className="card-grid"
  />
</Fragment>
`;
