// Jest Snapshot v1, https://goo.gl/fbAQLP

exports[`Pruebas <GifGridItem /> Show componen successful  1`] = `
<div
  className="card animate__animated animate__bounce"
>
  <img />
  <p />
</div>
`;
